------------------------------------------------------------
Timing Analyzer Summary
------------------------------------------------------------

Type  : Slow 1100mV 85C Model Setup 'CLOCK_50'
Slack : -8.359
TNS   : -1889.967

Type  : Slow 1100mV 85C Model Hold 'CLOCK_50'
Slack : 0.277
TNS   : 0.000

Type  : Slow 1100mV 85C Model Minimum Pulse Width 'CLOCK_50'
Slack : -2.636
TNS   : -263.595

Type  : Slow 1100mV 0C Model Setup 'CLOCK_50'
Slack : -8.272
TNS   : -1848.871

Type  : Slow 1100mV 0C Model Hold 'CLOCK_50'
Slack : 0.264
TNS   : 0.000

Type  : Slow 1100mV 0C Model Minimum Pulse Width 'CLOCK_50'
Slack : -2.636
TNS   : -272.336

Type  : Fast 1100mV 85C Model Setup 'CLOCK_50'
Slack : -4.603
TNS   : -982.236

Type  : Fast 1100mV 85C Model Hold 'CLOCK_50'
Slack : 0.165
TNS   : 0.000

Type  : Fast 1100mV 85C Model Minimum Pulse Width 'CLOCK_50'
Slack : -2.636
TNS   : -153.468

Type  : Fast 1100mV 0C Model Setup 'CLOCK_50'
Slack : -4.071
TNS   : -863.567

Type  : Fast 1100mV 0C Model Hold 'CLOCK_50'
Slack : 0.150
TNS   : 0.000

Type  : Fast 1100mV 0C Model Minimum Pulse Width 'CLOCK_50'
Slack : -2.636
TNS   : -153.211

------------------------------------------------------------
